2026-10-03T11:08:50.536Z Error: Incorrect number of arguments for PROCEDURE hoarding_leasing.sp_UpdateHoarding; expected 14, got 12
    at update (C:\ufs\hoarding\backend\src\controllers\hoardings.js:80:16)
    at Layer.handleRequest (C:\ufs\hoarding\backend\node_modules\router\lib\layer.js:152:17)
    at next (C:\ufs\hoarding\backend\node_modules\router\lib\route.js:157:13)
    at AsyncResource.runInAsyncScope (node:async_hooks:228:14)
    at next (C:\ufs\hoarding\backend\node_modules\multer\lib\make-middleware.js:73:16)
    at done (C:\ufs\hoarding\backend\node_modules\multer\lib\make-middleware.js:168:7)
    at indicateDone (C:\ufs\hoarding\backend\node_modules\multer\lib\make-middleware.js:172:68)
    at Multipart.<anonymous> (C:\ufs\hoarding\backend\node_modules\multer\lib\make-middleware.js:432:7)
    at Multipart.emit (node:events:508:28)
    at emitCloseNT (node:internal/streams/destroy:148:10)
2026-10-03T11:09:05.462Z Error: Incorrect number of arguments for PROCEDURE hoarding_leasing.sp_UpdateHoarding; expected 14, got 12
    at update (C:\ufs\hoarding\backend\src\controllers\hoardings.js:80:16)
    at Layer.handleRequest (C:\ufs\hoarding\backend\node_modules\router\lib\layer.js:152:17)
    at next (C:\ufs\hoarding\backend\node_modules\router\lib\route.js:157:13)
    at AsyncResource.runInAsyncScope (node:async_hooks:228:14)
    at next (C:\ufs\hoarding\backend\node_modules\multer\lib\make-middleware.js:73:16)
    at done (C:\ufs\hoarding\backend\node_modules\multer\lib\make-middleware.js:168:7)
    at indicateDone (C:\ufs\hoarding\backend\node_modules\multer\lib\make-middleware.js:172:68)
    at Multipart.<anonymous> (C:\ufs\hoarding\backend\node_modules\multer\lib\make-middleware.js:432:7)
    at Multipart.emit (node:events:508:28)
    at emitCloseNT (node:internal/streams/destroy:148:10)
2026-10-03T11:13:59.007Z Error: Unknown column 'facing' in 'field list'
    at update (C:\ufs\hoarding\backend\src\controllers\hoardings.js:81:16)
    at Layer.handleRequest (C:\ufs\hoarding\backend\node_modules\router\lib\layer.js:152:17)
    at next (C:\ufs\hoarding\backend\node_modules\router\lib\route.js:157:13)
    at AsyncResource.runInAsyncScope (node:async_hooks:228:14)
    at next (C:\ufs\hoarding\backend\node_modules\multer\lib\make-middleware.js:73:16)
    at done (C:\ufs\hoarding\backend\node_modules\multer\lib\make-middleware.js:168:7)
    at indicateDone (C:\ufs\hoarding\backend\node_modules\multer\lib\make-middleware.js:172:68)
    at Multipart.<anonymous> (C:\ufs\hoarding\backend\node_modules\multer\lib\make-middleware.js:432:7)
    at Multipart.emit (node:events:508:28)
    at emitCloseNT (node:internal/streams/destroy:148:10)
2026-10-03T11:14:26.409Z Error: Unknown column 'facing' in 'field list'
    at update (C:\ufs\hoarding\backend\src\controllers\hoardings.js:81:16)
    at Layer.handleRequest (C:\ufs\hoarding\backend\node_modules\router\lib\layer.js:152:17)
    at next (C:\ufs\hoarding\backend\node_modules\router\lib\route.js:157:13)
    at AsyncResource.runInAsyncScope (node:async_hooks:228:14)
    at next (C:\ufs\hoarding\backend\node_modules\multer\lib\make-middleware.js:73:16)
    at done (C:\ufs\hoarding\backend\node_modules\multer\lib\make-middleware.js:168:7)
    at indicateDone (C:\ufs\hoarding\backend\node_modules\multer\lib\make-middleware.js:172:68)
    at Multipart.<anonymous> (C:\ufs\hoarding\backend\node_modules\multer\lib\make-middleware.js:432:7)
    at Multipart.emit (node:events:508:28)
    at emitCloseNT (node:internal/streams/destroy:148:10)
